\BOOKMARK [1][-]{section.1}{\376\377\166\356\166\204\060\150\116\356\212\254}{}% 1
\BOOKMARK [1][-]{section.2}{\376\377\116\214\145\271\137\017\060\156\133\237\210\305}{}% 2
\BOOKMARK [2][-]{subsection.2.1}{\376\377\060\357\060\374\060\253\060\374\060\272\127\213\377\010\220\365\117\277\173\261\060\373\227\131\166\204\122\006\122\162\377\011}{section.2}% 3
\BOOKMARK [2][-]{subsection.2.2}{\376\377\133\376\171\360\000S\000M\000P\127\213\377\010\121\161\147\011\000\040\000r\000e\000a\000d\000y\000\040\060\255\060\345\060\374\377\011}{section.2}% 4
\BOOKMARK [2][-]{subsection.2.3}{\376\377\124\014\116\000\060\253\060\374\060\315\060\353\060\147\060\156\122\007\060\212\146\377\060\110}{section.2}% 5
\BOOKMARK [1][-]{section.3}{\376\377\156\054\133\232\060\156\117\134\154\325}{}% 6
\BOOKMARK [1][-]{section.4}{\376\377\156\054\133\232\060\156\117\134\154\325\060\156\170\064\060\214\000\040\040\024\000-\000\040\201\352\122\006\060\156\156\054\133\232\060\153\211\213\060\144\060\121\060\137\000\040\0003\000\040\060\144\060\156\172\164}{}% 7
\BOOKMARK [2][-]{subsection.4.1}{\376\377\172\164\0001\000:\000\040\153\143\212\244\060\222\116\000\136\246\060\202\131\026\060\113\060\211\170\272\060\113\060\201\060\146\060\104\060\152\060\113\060\143\060\137}{section.4}% 8
\BOOKMARK [2][-]{subsection.4.2}{\376\377\172\164\0002\000:\000\040\152\031\147\054\060\114\000\040\0002\000\040\060\351\060\246\060\363\060\311\060\147\153\142\060\176\060\143\060\146\060\104\060\137}{section.4}% 9
\BOOKMARK [2][-]{subsection.4.3}{\376\377\172\164\0003\000:\000\040\060\135\060\156\000\040\0002\000\040\060\351\060\246\060\363\060\311\060\157\121\267\225\223\131\313\122\325\060\156\220\116\156\041\060\140\060\143\060\137}{section.4}% 10
\BOOKMARK [1][-]{section.5}{\376\377\166\172\211\213\060\127\060\137\116\015\121\167\124\010\060\150\060\135\060\156\137\161\227\377}{}% 11
\BOOKMARK [1][-]{section.6}{\376\377\175\120\147\234\0001\000:\000\040\000N\000-\000Q\000u\000e\000e\000n\000s\377\010\116\015\143\303\060\104\060\152\143\242\175\042\147\050\377\011}{}% 12
\BOOKMARK [1][-]{section.7}{\376\377\175\120\147\234\0001\000b\000:\000\040\150\070\0000\060\222\060\271\060\261\060\270\060\345\060\374\060\351\060\153\123\302\122\240\060\125\060\133\060\213\377\010\133\237\232\023\0001\377\011}{}% 13
\BOOKMARK [2][-]{subsection.7.1}{\376\377\123\237\126\340\060\157\000\040\0002\000\040\153\265\151\313\060\110\060\147\060\001\220\024\116\055\060\176\060\147\171\301\060\156\212\255\060\177\060\157\212\244\060\143\060\146\060\104\060\137}{section.7}% 14
\BOOKMARK [2][-]{subsection.7.2}{\376\377\166\364\060\127\060\137\175\120\147\234}{section.7}% 15
\BOOKMARK [1][-]{section.8}{\376\377\175\120\147\234\0002\000:\000\040\220\032\136\070\060\156\116\046\122\027\212\010\173\227\377\010\214\240\203\167\060\156\140\047\214\352\060\153\060\210\060\213\135\356\377\011}{}% 16
\BOOKMARK [1][-]{section.9}{\376\377\175\120\147\234\0003\000:\000\040\000A\000I\000P\000L\000\040\060\242\060\257\060\277\060\374\116\046\122\027\377\010\147\054\124\175\377\011}{}% 17
\BOOKMARK [2][-]{subsection.9.1}{\376\377\156\054\060\212\145\271}{section.9}% 18
\BOOKMARK [2][-]{subsection.9.2}{\376\377\156\054\133\232\120\044}{section.9}% 19
\BOOKMARK [2][-]{subsection.9.3}{\376\377\221\115\136\003\060\263\060\271\060\310\060\156\122\006\226\342}{section.9}% 20
\BOOKMARK [1][-]{section.10}{\376\377\175\120\147\234\0004\000:\000\040\060\320\060\303\060\301\225\167\060\150\116\046\122\027\136\246\377\010\133\237\232\023\0002\377\011}{}% 21
\BOOKMARK [1][-]{section.11}{\376\377\175\120\147\234\0005\040\023\0008\377\010\145\071\212\002\377\011\000:\000\040\133\232\136\070\120\044\060\147\156\054\060\212\166\364\060\127\060\137\133\237\232\023\000A\060\373\000B\060\373\000C}{}% 22
\BOOKMARK [2][-]{subsection.11.1}{\376\377\133\237\232\023\000A\000:\000\040\116\244\135\356\160\271\060\157\060\151\060\123\060\113\377\010\060\160\060\211\060\144\060\115\153\324\060\156\143\203\137\025\377\011}{section.11}% 23
\BOOKMARK [2][-]{subsection.11.2}{\376\377\133\237\232\023\000B\000:\000\040\175\060\060\113\060\117\122\162\060\214\060\160\227\131\166\204\122\006\122\162\060\157\145\121\060\110\060\213\060\113}{section.11}% 24
\BOOKMARK [2][-]{subsection.11.3}{\376\377\133\237\232\023\000C\000:\000\040\0004\000\040\060\263\060\242\060\147\000\040\0004\000\040\120\015\060\157\121\372\060\152\060\104}{section.11}% 25
\BOOKMARK [2][-]{subsection.11.4}{\376\377\116\015\143\303\060\104\060\152\116\325\116\213\377\010\145\347\060\373\133\237\232\023\0003\377\011}{section.11}% 26
\BOOKMARK [1][-]{section.12}{\376\377\144\244\126\336\000:\000\040\060\014\116\015\143\303\060\104\060\152\116\325\116\213\060\147\060\157\133\376\171\360\000S\000M\000P\127\213\060\114\000\040\0001\000.\0002\0005\000\040\120\015\220\037\060\104\060\015}{}% 27
\BOOKMARK [1][-]{section.13}{\376\377\175\120\147\234\0009\000:\000\040\116\011\147\177\060\147\060\156\217\375\212\146\377\010\000P\000i\000\040\0004\000\040\000/\000\040\000P\000i\000\040\0003\377\011}{}% 28
\BOOKMARK [2][-]{subsection.13.1}{\376\377\000N\000-\000Q\000u\000e\000e\000n\000s\000\040\000n\000=\0001\0003}{section.13}% 29
\BOOKMARK [2][-]{subsection.13.2}{\376\377\127\107\116\000\060\152\214\240\203\167\060\152\060\211\116\011\147\177\060\150\060\202\124\014\060\130}{section.13}% 30
\BOOKMARK [2][-]{subsection.13.3}{\376\377\122\006\122\162\060\156\116\325\145\271\060\140\060\121\060\222\131\011\060\110\060\213}{section.13}% 31
\BOOKMARK [2][-]{subsection.13.4}{\376\377\000P\000i\000\040\0003\000\040\060\157\060\014\060\242\060\257\060\277\060\374\377\035\060\271\060\354\060\303\060\311\060\015\060\150\060\104\060\106\122\045\060\156\145\271\137\017\060\140\060\143\060\137}{section.13}% 32
\BOOKMARK [2][-]{subsection.13.5}{\376\377\0004\000\040\060\263\060\242\060\147\000\040\0004\000\040\120\015\060\157\121\372\060\152\060\104\060\001\060\202\116\011\147\177\060\153\121\161\220\032}{section.13}% 33
\BOOKMARK [1][-]{section.14}{\376\377\175\120\147\234\0001\0000\000:\000\040\000P\000i\000\040\0004\000\040\060\153\060\202\124\014\060\130\117\213\131\026\137\251\136\060\060\156\172\164\060\114\060\102\060\143\060\137}{}% 34
\BOOKMARK [2][-]{subsection.14.1}{\376\377\212\010\126\150\060\135\060\156\060\202\060\156\060\222\121\110\060\153\151\034\212\074\060\131\060\213}{section.14}% 35
\BOOKMARK [2][-]{subsection.14.2}{\376\377\124\014\060\130\215\167\122\325\060\156\060\176\060\176\000\040\000A\000/\000B\000\040\060\222\123\326\060\213}{section.14}% 36
\BOOKMARK [2][-]{subsection.14.3}{\376\377\000P\000i\000\040\0003\000\040\060\153\124\014\060\130\172\164\060\157\161\041\060\104\000\040\040\024\000-\000\040\000A\000R\000M\0003\0002\000\040\060\156\133\237\210\305\060\157\153\143\060\127\060\113\060\143\060\137}{section.14}% 37
\BOOKMARK [2][-]{subsection.14.4}{\376\377\116\011\147\177\060\156\156\054\133\232\162\266\154\301}{section.14}% 38
\BOOKMARK [1][-]{section.15}{\376\377\133\376\171\360\000S\000M\000P\127\213\060\156\000\040\000A\000I\000P\000L\000\040\175\114\215\357\060\157\122\325\060\113\060\152\060\113\060\143\060\137\000\040\040\024\000-\000\040\060\135\060\156\212\072\145\255}{}% 39
\BOOKMARK [2][-]{subsection.15.1}{\376\377\165\307\162\266}{section.15}% 40
\BOOKMARK [2][-]{subsection.15.2}{\376\377\131\026\060\214\060\137\116\356\212\254\0001\000:\000\040\143\247\060\110\060\156\155\373\133\127\060\156\172\366\124\010}{section.15}% 41
\BOOKMARK [2][-]{subsection.15.3}{\376\377\131\026\060\214\060\137\116\356\212\254\0002\000\040\041\222\000\040\220\350\122\006\166\204\060\153\137\123\060\137\060\212\000:\000\040\227\131\166\204\060\271\060\277\060\303\060\257\060\156\121\215\122\051\165\050}{section.15}% 42
\BOOKMARK [2][-]{subsection.15.4}{\376\377\137\123\060\137\060\212\000:\000\040\124\174\060\163\142\113\060\114\201\352\122\006\060\147\212\010\173\227\060\127\060\146\060\104\060\213\060\123\060\150}{section.15}% 43
\BOOKMARK [2][-]{subsection.15.5}{\376\377\163\376\146\102\160\271\060\156\162\266\141\113}{section.15}% 44
\BOOKMARK [1][-]{section.16}{\376\377\200\003\133\337}{}% 45
\BOOKMARK [2][-]{subsection.16.1}{\376\377\117\125\060\114\212\000\060\110\060\146\060\001\117\125\060\114\212\000\060\110\060\152\060\104\060\113}{section.16}% 46
\BOOKMARK [2][-]{subsection.16.2}{\376\377\116\356\212\254\060\222\145\057\143\001\060\131\060\213\147\120\145\231\377\010\225\223\143\245\166\204\060\140\060\114\137\067\060\104\377\011}{section.16}% 47
\BOOKMARK [2][-]{subsection.16.3}{\376\377\060\357\060\374\060\253\060\374\060\272\127\213\060\153\060\144\060\104\060\146\133\237\156\054\060\147\212\000\060\110\060\213\060\123\060\150}{section.16}% 48
\BOOKMARK [2][-]{subsection.16.4}{\376\377\060\242\060\374\060\255\060\306\060\257\060\301\060\343\116\012\060\156\124\053\141\017}{section.16}% 49
\BOOKMARK [1][-]{section.17}{\376\377\147\052\211\343\154\172}{}% 50
\BOOKMARK [1][-]{section.18}{\376\377\133\237\210\114\060\127\060\137\060\327\060\355\060\260\060\351\060\340}{}% 51
\BOOKMARK [2][-]{subsection.18.1}{\376\377\000A\000I\000P\000L\000\040\152\031\147\054\377\010\174\222\136\246\000\040\0002\0000\0000\000\040\060\156\162\110\377\011}{section.18}% 52
\BOOKMARK [2][-]{subsection.18.2}{\376\377\060\160\060\211\060\144\060\115\153\324\060\222\143\057\060\213\152\031\147\054\377\010\133\237\232\023\000A\060\373\153\324\000\040\0001\000:\0001\0006\000\040\060\156\162\110\377\011}{section.18}% 53
\BOOKMARK [2][-]{subsection.18.3}{\376\377\122\006\122\162\060\156\174\227\060\125\060\222\211\213\060\213\152\031\147\054\377\010\133\237\232\023\000B\060\373\221\315\060\104\116\325\116\213\060\114\126\372\060\176\060\213\000\040\000M\000=\0008\000\040\060\156\162\110\377\011}{section.18}% 54
\BOOKMARK [2][-]{subsection.18.4}{\376\377\117\177\165\050\060\263\060\242\145\160\060\222\131\011\060\110\060\213\152\031\147\054\377\010\133\237\232\023\000C\060\373\0004\000\040\060\263\060\242\060\156\162\110\377\011}{section.18}% 55
\BOOKMARK [2][-]{subsection.18.5}{\376\377\150\070\0000\060\222\133\376\171\360\060\271\060\261\060\270\060\345\060\374\060\351\060\153\123\302\122\240\060\125\060\133\060\213\117\356\153\143\377\010\133\237\232\023\0001\377\011}{section.18}% 56
\BOOKMARK [2][-]{subsection.18.6}{\376\377\116\015\143\303\060\104\060\152\116\325\116\213\060\156\152\031\147\054\377\010\133\237\232\023\0003\377\011}{section.18}% 57
\BOOKMARK [2][-]{subsection.18.7}{\376\377\060\320\060\303\060\301\225\167\060\222\143\057\060\213\152\031\147\054\377\010\133\237\232\023\0002\060\373\060\320\060\303\060\301\225\167\000\040\0004\000\040\060\156\162\110\377\011}{section.18}% 58
\BOOKMARK [2][-]{subsection.18.8}{\376\377\000N\000-\000Q\000u\000e\000e\000n\000s\000:\000\040\133\376\171\360\000S\000M\000P\127\213\060\156\231\306\122\325\220\350}{section.18}% 59
\BOOKMARK [2][-]{subsection.18.9}{\376\377\060\357\060\374\060\253\060\374\060\272\127\213\060\156\221\115\136\003\377\010\220\365\117\277\173\261\060\373\227\131\166\204\122\006\122\162\377\011}{section.18}% 60
\BOOKMARK [2][-]{subsection.18.10}{\376\377\000A\000I\000P\000L\000\040\060\242\060\257\060\277\060\374\060\373\060\320\060\303\060\301\060\156\221\115\060\212\122\006\060\121}{section.18}% 61
\BOOKMARK [2][-]{subsection.18.11}{\376\377\116\015\121\167\124\010\060\156\117\356\153\143\377\010\117\213\131\026\060\156\000\040\000E\000L\000R\000/\000S\000P\000S\000R\000\040\220\000\220\177\377\011}{section.18}% 62
\BOOKMARK [2][-]{subsection.18.12}{\376\377\156\054\133\232\060\271\060\257\060\352\060\327\060\310}{section.18}% 63
